{
    "cellprofiler - illuminationcorrection - multi-channel - not parallel": {
        "content": [
            [
                [
                    {
                        "batch": "Batch1",
                        "plate": "Plate1",
                        "channels": "CHN2-AF488",
                        "id": "Batch1_Plate1_CHN2-AF488"
                    },
                    "Plate1_IllumCHN2-AF488.npy:md5,f0b7db042aba9fe16e005d38df1460a4"
                ]
            ]
        ],
        "meta": {
            "nf-test": "0.9.2",
            "nextflow": "25.04.6"
        },
        "timestamp": "2025-08-25T12:18:14.638559"
    },
    "cellprofiler - illuminationcorrection - stub": {
        "content": [
            {
                "0": [
                    [
                        {
                            "batch": "Batch1",
                            "plate": "Plate1",
                            "channels": "CHN2-AF488",
                            "id": "Batch1_Plate1_CHN2-AF488"
                        },
                        "Plate1_Illumnull.npy:md5,1950d1deb8bc1c4cc1c859cd0174ecc3"
                    ]
                ],
                "1": [
                    "versions.yml:md5,36342e2e6a8f1a1ef3b02615083687aa"
                ],
                "illumination_corrections": [
                    [
                        {
                            "batch": "Batch1",
                            "plate": "Plate1",
                            "channels": "CHN2-AF488",
                            "id": "Batch1_Plate1_CHN2-AF488"
                        },
                        "Plate1_Illumnull.npy:md5,1950d1deb8bc1c4cc1c859cd0174ecc3"
                    ]
                ],
                "versions": [
                    "versions.yml:md5,36342e2e6a8f1a1ef3b02615083687aa"
                ]
            }
        ],
        "meta": {
            "nf-test": "0.9.2",
            "nextflow": "25.04.6"
        },
        "timestamp": "2025-08-25T12:19:56.222456"
    },
    "cellprofiler - illuminationcorrection - multi-channel - in parallel": {
        "content": [
            [
                [
                    {
                        "batch": "Batch1",
                        "plate": "Plate1",
                        "channels": "CHN2-AF488",
                        "id": "Batch1_Plate1_CHN2-AF488"
                    },
                    "Plate1_IllumCHN2-AF488.npy:md5,f0b7db042aba9fe16e005d38df1460a4"
                ]
            ]
        ],
        "meta": {
            "nf-test": "0.9.2",
            "nextflow": "25.04.6"
        },
        "timestamp": "2025-08-25T12:22:18.782499"
    }
}